// Jest Snapshot v1, https://goo.gl/fbAQLP

exports[`renders password unchanged 1`] = `
<div>
  <div
    class="flex items-center pt-5"
  >
    <input
      class="h-7 border border-current focus:outline-blue-500 focus:shadow-md"
      type="text"
    />
    <div
      class="flex flex-col"
    />
  </div>
</div>
`;
