// Jest Snapshot v1, https://goo.gl/fbAQLP

exports[`renders checkvalidation unchanged 1`] = `
<div>
  <div
    class="flex items-center"
  >
    <div
      class="w-10 h-10 rounded-full mx-2.5 my-1 flex justify-center bg-red-700"
    >
      <img
        alt="x_mark"
        class="w-5"
        data-nimg="1"
        decoding="async"
        height="40"
        loading="lazy"
        src="/_next/image?url=%2Fimg.jpg&w=96&q=75"
        srcset="/_next/image?url=%2Fimg.jpg&w=48&q=75 1x, /_next/image?url=%2Fimg.jpg&w=96&q=75 2x"
        style="color: transparent;"
        width="40"
      />
    </div>
    <span />
  </div>
</div>
`;
